{
  "_id" : "<transaction_id>",
  "company_number" : "<company_number>",
  "data" : {
    "action_date" : "2014-09-15T00:00:00.000Z",
    "category" : "officers",
    "type" : "TM01",
    "description" : "termination-director-company-with-name-termination-date",
    "subcategory" : "termination",
    "date" : "2014-09-15T23:21:18.000Z",
    "description_values" : {
      "termination_date" : "2014-09-15T00:00:00.000Z",
      "officer_name" : "John Test Tester"
    },
    "links" : {
      "self" : "/company/<company_number>/filing-history/<transaction_id>"
    },
    "annotations" : [
      {
        "annotation" : "annotation",
        "category" : "annotation",
        "date" : "2011-11-26T11:27:55.000Z",
        "description" : "annotation",
        "description_values" : {
          "description" : "Clarification This document was second filed with the CH04 registered on 26/11/2011"
        },
        "type" : "ANNOTATION",
        "_entity_id": "<child_entity_id>",
        "delta_at": "<delta_at>"
      }
    ],
    "paper_filed" : true
  },
  "_barcode" : "<barcode>",
  "delta_at" : "20140916230459600643",
  "_entity_id" : "<parent_entity_id>",
  "updated_at" : "2014-09-17T18:52:08.001Z",
  "updated_by" : "context_id",
  "original_values" : {
    "officer_name" : "John Test Tester",
    "resignation_date" : "15/09/2014"
  },
  "original_description" : "Appointment Terminated, Director john tester",
  "_document_id" : "000X3GI11F35672"
}