{
  "_id" : "<transaction_id>",
  "_entity_id" : "<parent_entity_id>",
  "_document_id" : "000ABCDBMOS1234",
  "company_number" : "<company_number>",
  "data" : {
    "associated_filings" : [
      {
        "type" : "363(288)",
        "description" : "legacy",
        "category" : "annual-return",
        "description_values" : {
          "description" : "Secretary's particulars changed;director's particulars changed"
        },
        "date" : "2005-05-10T12:00:00.000Z",
        "_entity_id": "<child_entity_id>",
        "delta_at": "<child_delta_at>"
      }
    ],
    "category" : "annual-return",
    "description" : "legacy",
    "type" : "363s",
    "date" : "2005-05-10T12:00:01.000Z",
    "description_values" : {
      "description" : "Return made up to 28/12/06; full list of members"
    },
    "links" : {
      "document_metadata" : "/document/1234AafRR-Ty",
      "self" : "/company/<company_number>/filing-history/<transaction_id>"
    },
    "pages" : 7,
    "paper_filed" : true
  },
  "delta_at": "<parent_delta_at>",
  "updated_at": "<updated_at>",
  "updated_by": "context_id"
}